exports[`test renders correctly 1`] = `
<View>
  <Text
    accessible={true}
    allowFontScaling={true}
    ellipsizeMode="tail"
    style={
      Object {
        "fontSize": 20,
        "textAlign": "center",
      }
    }>
    Handoff Login
  </Text>
  <Text
    accessible={true}
    allowFontScaling={true}
    ellipsizeMode="tail"
    style={
      Object {
        "color": "#612e5f",
        "fontSize": 15,
        "fontWeight": "bold",
        "margin": 0,
        "textAlign": "left",
      }
    }>
    Name
  </Text>
  <TextInput
    onChangeText={[Function]}
    style={
      Object {
        "height": 40,
      }
    } />
  <Text
    accessible={true}
    allowFontScaling={true}
    ellipsizeMode="tail"
    style={
      Object {
        "color": "#612e5f",
        "fontSize": 15,
        "fontWeight": "bold",
        "margin": 0,
        "textAlign": "left",
      }
    }>
    Password
  </Text>
  <TextInput
    onChangeText={[Function]}
    style={
      Object {
        "height": 40,
      }
    } />
  <View
    accessibilityComponentType={undefined}
    accessibilityLabel={undefined}
    accessibilityTraits={undefined}
    accessible={true}
    hitSlop={undefined}
    onLayout={undefined}
    onResponderGrant={[Function]}
    onResponderMove={[Function]}
    onResponderRelease={[Function]}
    onResponderTerminate={[Function]}
    onResponderTerminationRequest={[Function]}
    onStartShouldSetResponder={[Function]}
    style={
      Array [
        Object {
          "backgroundColor": "transparent",
        },
        Object {
          "alignItems": "flex-end",
          "backgroundColor": "#642D64",
          "borderColor": "black",
          "borderWidth": 1,
          "flexDirection": "column",
          "justifyContent": "center",
          "marginBottom": 15,
          "marginLeft": 3,
          "marginTop": 10,
          "padding": 5,
        },
      ]
    }
    testID={undefined}>
    <Text
      accessible={true}
      allowFontScaling={true}
      ellipsizeMode="tail"
      style={
        Object {
          "color": "#FFFFFF",
        }
      }>
      Login
    </Text>
  </View>
  <View
    accessibilityComponentType={undefined}
    accessibilityLabel={undefined}
    accessibilityTraits={undefined}
    accessible={true}
    hitSlop={undefined}
    onLayout={undefined}
    onResponderGrant={[Function]}
    onResponderMove={[Function]}
    onResponderRelease={[Function]}
    onResponderTerminate={[Function]}
    onResponderTerminationRequest={[Function]}
    onStartShouldSetResponder={[Function]}
    style={
      Array [
        Object {
          "backgroundColor": "transparent",
        },
        Object {
          "alignItems": "flex-end",
          "backgroundColor": "#642D64",
          "borderColor": "black",
          "borderWidth": 1,
          "flexDirection": "column",
          "justifyContent": "center",
          "marginBottom": 15,
          "marginLeft": 3,
          "marginTop": 10,
          "padding": 5,
        },
      ]
    }
    testID={undefined}>
    <Text
      accessible={true}
      allowFontScaling={true}
      ellipsizeMode="tail"
      style={
        Object {
          "color": "#FFFFFF",
        }
      }>
      New Organization
    </Text>
  </View>
  <View
    accessibilityComponentType={undefined}
    accessibilityLabel={undefined}
    accessibilityTraits={undefined}
    accessible={true}
    hitSlop={undefined}
    onLayout={undefined}
    onResponderGrant={[Function]}
    onResponderMove={[Function]}
    onResponderRelease={[Function]}
    onResponderTerminate={[Function]}
    onResponderTerminationRequest={[Function]}
    onStartShouldSetResponder={[Function]}
    style={
      Array [
        Object {
          "backgroundColor": "transparent",
        },
        Object {
          "alignItems": "flex-end",
          "backgroundColor": "#642D64",
          "borderColor": "black",
          "borderWidth": 1,
          "flexDirection": "column",
          "justifyContent": "center",
          "marginBottom": 15,
          "marginLeft": 3,
          "marginTop": 10,
          "padding": 5,
        },
      ]
    }
    testID={undefined}>
    <Text
      accessible={true}
      allowFontScaling={true}
      ellipsizeMode="tail"
      style={
        Object {
          "color": "#FFFFFF",
        }
      }>
      Donor Login
    </Text>
  </View>
  <View
    accessibilityComponentType={undefined}
    accessibilityLabel={undefined}
    accessibilityTraits={undefined}
    accessible={true}
    hitSlop={undefined}
    onLayout={undefined}
    onResponderGrant={[Function]}
    onResponderMove={[Function]}
    onResponderRelease={[Function]}
    onResponderTerminate={[Function]}
    onResponderTerminationRequest={[Function]}
    onStartShouldSetResponder={[Function]}
    style={
      Array [
        Object {
          "backgroundColor": "transparent",
        },
        Object {
          "alignItems": "flex-end",
          "backgroundColor": "#642D64",
          "borderColor": "black",
          "borderWidth": 1,
          "flexDirection": "column",
          "justifyContent": "center",
          "marginBottom": 15,
          "marginLeft": 3,
          "marginTop": 10,
          "padding": 5,
        },
      ]
    }
    testID={undefined}>
    <Text
      accessible={true}
      allowFontScaling={true}
      ellipsizeMode="tail"
      style={
        Object {
          "color": "#FFFFFF",
        }
      }>
      Subscriptions
    </Text>
  </View>
</View>
`;
